Torrent Name : zip
Announce     : 
Piece Length : 32768 (32 KiB)
Pieces       : 2
Files        : 3
Total Length : 37887 (36.999 KiB)
machine1.zip 8434 (8.236 KiB)
machine2.zip 12629 (12.333 KiB)
machine3.zip 16824 (16.43 KiB)
