: converting to TorrentZip
: add roms/Backstreet Billiards (USA).zip (0 bytes)
: add roms/Backyard Soccer (USA).zip (0 bytes)
: add roms/Baldies (USA).zip (0 bytes)
: add roms/Ball Breakers (USA).zip (0 bytes)
: add roms/BallBlazer Champions (USA).zip (0 bytes)
: add roms/Ballerburg - Castle Chaos (USA).zip (0 bytes)
: add roms/Ballistic (USA).zip (0 bytes)
: add roms/Barbie - Explorer (USA).zip (0 bytes)
: add roms/Barbie - Gotta Have Games (USA).zip (0 bytes)
: add roms/Barbie - Race & Ride (USA).zip (0 bytes)
: add roms/Barbie - Super Sports (USA).zip (0 bytes)
: add roms/Bases Loaded '96 - Double Header (USA).zip (0 bytes)
: add roms/Bass Landing (USA).zip (0 bytes)
: add roms/Bass Rise (USA).zip (0 bytes)
: add roms/Batman & Robin (USA).zip (0 bytes)
: add roms/Batman - Gotham City Racer (USA).zip (0 bytes)
: add roms/Batman Beyond - Return of the Joker (USA).zip (0 bytes)
: add roms/Batman Forever - The Arcade Game (USA).zip (0 bytes)
: add roms/Battle Arena Toshinden (USA).zip (0 bytes)
: add roms/Battle Arena Toshinden 2 (USA).zip (0 bytes)
: add roms/Battle Arena Toshinden 3 (USA) (En,Ja).zip (0 bytes)
: add roms/Battle Hunter (USA).zip (0 bytes)
: add roms/Battle Stations (USA).zip (0 bytes)
: add roms/BattleRound USA (Japan).zip (0 bytes)
: add roms/BattleSport (USA).zip (0 bytes)
: add roms/BattleTanx - Global Assault (USA).zip (0 bytes)
: add roms/Beast Wars - Transformers (USA).zip (0 bytes)
: add roms/Best Buy Demo CD (USA).zip (0 bytes)
: add roms/Best Buy Greatest Hits Demo Disc - Volume One (USA).zip (0 bytes)
: add roms/Beyblade (USA).zip (0 bytes)
: add roms/Beyond the Beyond (USA).zip (0 bytes)
: add roms/Big Air (USA).zip (0 bytes)
: add roms/Big Bass Fishing (USA).zip (0 bytes)
: add roms/Big Bass World Championship (USA) (Rev 1).zip (0 bytes)
: add roms/Big Bass World Championship (USA).zip (0 bytes)
: add roms/Big League Slugger Baseball (USA).zip (0 bytes)
: add roms/Big Ol' Bass 2 (USA).zip (0 bytes)
: add roms/Big Strike Bowling (USA).zip (0 bytes)
: add roms/Billiards (USA).zip (0 bytes)
: add roms/Bio F.R.E.A.K.S. (USA).zip (0 bytes)
: add roms/Black Bass with Blue Marlin (USA).zip (0 bytes)
: add roms/Black Dawn (USA).zip (0 bytes)
: add roms/Blade (USA).zip (0 bytes)
: add roms/Blast Chamber (USA).zip (0 bytes)
: add roms/Blast Lacrosse (USA).zip (0 bytes)
: add roms/Blast Radius (USA).zip (0 bytes)
: add roms/Blaster Master - Blasting Again (USA).zip (0 bytes)
: add roms/Blasto (USA).zip (0 bytes)
: add roms/Blazing Dragons (USA).zip (0 bytes)
: add roms/Blockbuster Presents - GameShark Top 50 - Summer Fall 2001 (USA) (Unl).zip (0 bytes)
: add roms/Blockids (USA).zip (0 bytes)
: add roms/Blood Omen - Legacy of Kain (USA) (Beta 1).zip (0 bytes)
: add roms/Blood Omen - Legacy of Kain (USA) (Beta 2).zip (0 bytes)
: add roms/Blood Omen - Legacy of Kain (USA).zip (0 bytes)
: add roms/Bloody Roar (USA).zip (0 bytes)
: add roms/Bloody Roar II (USA).zip (0 bytes)
: add roms/Blue's Clues - Blue's Big Musical (USA).zip (0 bytes)
: add roms/Board Game - Top Shop (USA).zip (0 bytes)
: add roms/Bob the Builder - Can We Fix It (USA).zip (0 bytes)
: add roms/Bogey - Dead 6 (USA).zip (0 bytes)
: add roms/Bomberman - Party Edition (USA).zip (0 bytes)
: add roms/Bomberman Fantasy Race (USA).zip (0 bytes)
: add roms/Bomberman World (USA).zip (0 bytes)
: add roms/Bombing Islands, The (USA).zip (0 bytes)
: add roms/BoomBots (USA).zip (0 bytes)
: add roms/Bottom of the 9th '97 (USA).zip (0 bytes)
: add roms/Bottom of the 9th '99 (USA).zip (0 bytes)
: add roms/Bottom of the 9th (USA).zip (0 bytes)
: add roms/Bowling (USA).zip (0 bytes)
: add roms/Boxing (USA).zip (0 bytes)
: add roms/Brahma Force - The Assault on Beltlogger 9 (USA).zip (0 bytes)
: add roms/BrainDead 13 (USA) (Disc 1).zip (0 bytes)
: add roms/BrainDead 13 (USA) (Disc 2).zip (0 bytes)
: add roms/Bratz - Dress Up, Get Down and Be a Bratz Superstar! (USA) (En,Fr,Es).zip (0 bytes)
: add roms/Brave Fencer Musashi (USA).zip (0 bytes)
: add roms/Bravo Air Race (USA).zip (0 bytes)
: add roms/Breakout (USA).zip (0 bytes)
: add roms/Breath of Fire III (USA).zip (0 bytes)
: add roms/Breath of Fire IV (USA) (Beta).zip (0 bytes)
: add roms/Breath of Fire IV (USA).zip (0 bytes)
: add roms/Brigandine - The Legend of Forsena (USA).zip (0 bytes)
: add roms/Broken Helix (USA).zip (0 bytes)
: add roms/Broken Sword - The Shadow of the Templars (USA).zip (0 bytes)
: add roms/Broken Sword II - The Smoking Mirror (USA).zip (0 bytes)
: add roms/Brunswick Circuit Pro Bowling (USA).zip (0 bytes)
: add roms/Brunswick Circuit Pro Bowling 2 (USA).zip (0 bytes)
: add roms/Bubble Bobble also featuring Rainbow Islands (USA).zip (0 bytes)
: add roms/Bubsy 3D - Furbitten Planet (USA).zip (0 bytes)
: add roms/Bugriders - The Race of Kings (USA).zip (0 bytes)
: add roms/Bugs Bunny & Taz - Time Busters (USA) (En,Fr,Es).zip (0 bytes)
: add roms/Bugs Bunny - Lost in Time (USA) (En,Fr,Es).zip (0 bytes)
: add roms/Builder's Block (USA).zip (0 bytes)
: add roms/Burning Road (USA) (Demo).zip (0 bytes)
: add roms/Burning Road (USA).zip (0 bytes)
: add roms/BursTrick - Wake Boarding!! (USA).zip (0 bytes)
: add roms/Bushido Blade (USA).zip (0 bytes)
: add roms/Bushido Blade 2 (USA).zip (0 bytes)
: add roms/Bust A Groove (USA) (Demo).zip (0 bytes)
: add roms/Bust A Groove (USA).zip (0 bytes)
: add roms/Bust A Groove 2 (USA).zip (0 bytes)
: add roms/Bust-A-Move '99 (USA).zip (0 bytes)
: add roms/Bust-A-Move 2 - Arcade Edition (USA).zip (0 bytes)
: add roms/Bust-A-Move 4 (USA).zip (0 bytes)
: add roms/Buster Bros. Collection (USA).zip (0 bytes)
: OK
