: converting to TorrentZip
: add snaps/Backstreet Billiards.jpg (0 bytes)
: add snaps/Backyard Soccer.jpg (0 bytes)
: add snaps/Baldies.jpg (0 bytes)
: add snaps/Baldur's Gate.jpg (0 bytes)
: add snaps/Ball Breakers.jpg (0 bytes)
: add snaps/Ballblazer Champions.jpg (0 bytes)
: add snaps/Ballerburg Castle Chaos.jpg (0 bytes)
: add snaps/Ballistic.jpg (0 bytes)
: add snaps/Barbie Explorer.jpg (0 bytes)
: add snaps/Barbie Gotta have games.jpg (0 bytes)
: add snaps/Barbie Race & Ride.jpg (0 bytes)
: add snaps/Barbie Super Sports.jpg (0 bytes)
: add snaps/Bases Loaded '96 - Double Headed.jpg (0 bytes)
: add snaps/Bass Landing.jpg (0 bytes)
: add snaps/Bass Rise.jpg (0 bytes)
: add snaps/Batman & Robin.jpg (0 bytes)
: add snaps/Batman Beyond - Return of the Joker.jpg (0 bytes)
: add snaps/Batman Forever - The Arcade Game.jpg (0 bytes)
: add snaps/Batman Gotham City Racer.jpg (0 bytes)
: add snaps/Battle Arena Toshinden 2.jpg (0 bytes)
: add snaps/Battle Arena Toshinden 3.jpg (0 bytes)
: add snaps/Battle Arena Toshinden.jpg (0 bytes)
: add snaps/Battle Hunter.jpg (0 bytes)
: add snaps/Battlesport.jpg (0 bytes)
: add snaps/Battlestations.jpg (0 bytes)
: add snaps/BattleTanx - Global Assault.jpg (0 bytes)
: add snaps/Bear in the Big Blue House.jpg (0 bytes)
: add snaps/Beast Wars - Transformers - Transmetal.jpg (0 bytes)
: add snaps/Beast Wars - Transformers.jpg (0 bytes)
: add snaps/Beyblade - Let it Rip!.jpg (0 bytes)
: add snaps/Beyond the Beyond.jpg (0 bytes)
: add snaps/Big Air.jpg (0 bytes)
: add snaps/Big Bass Fishing.jpg (0 bytes)
: add snaps/Big Bass World Championship.jpg (0 bytes)
: add snaps/Big League Sluggers Baseball.jpg (0 bytes)
: add snaps/Big Ol' Bass 2.jpg (0 bytes)
: add snaps/Big Strike Bowling.jpg (0 bytes)
: add snaps/Billiards.jpg (0 bytes)
: add snaps/Bio F.R.E.A.K.S.jpg (0 bytes)
: add snaps/Black Bass with Blue Marlin.jpg (0 bytes)
: add snaps/Black Dawn.jpg (0 bytes)
: add snaps/Blade.jpg (0 bytes)
: add snaps/Blast Chamber.jpg (0 bytes)
: add snaps/Blast Lacrosse.jpg (0 bytes)
: add snaps/Blast Radius.jpg (0 bytes)
: add snaps/Blaster Master - Blasting Again.jpg (0 bytes)
: add snaps/Blasto.jpg (0 bytes)
: add snaps/Blazing Dragons.jpg (0 bytes)
: add snaps/Blockids.jpg (0 bytes)
: add snaps/Blood Omen - Legacy of Kain.jpg (0 bytes)
: add snaps/Bloody Roar II.jpg (0 bytes)
: add snaps/Bloody Roar.jpg (0 bytes)
: add snaps/Blue's Clues - Blue's Big Musical.jpg (0 bytes)
: add snaps/Board Game Top Shop.jpg (0 bytes)
: add snaps/Bob the Builder - Can we fix it.jpg (0 bytes)
: add snaps/Bogey Dead 6.jpg (0 bytes)
: add snaps/Bomberman Fantasy Race.jpg (0 bytes)
: add snaps/Bomberman Party Edition.jpg (0 bytes)
: add snaps/Bomberman World.jpg (0 bytes)
: add snaps/Boom Bots.jpg (0 bytes)
: add snaps/Bottom of the 9th '97.jpg (0 bytes)
: add snaps/Bottom of the 9th '99.jpg (0 bytes)
: add snaps/Bottom of the 9th.jpg (0 bytes)
: add snaps/Bowling.jpg (0 bytes)
: add snaps/Boxing.jpg (0 bytes)
: add snaps/BRAHMA Force - The Assault on Beltlogger 9.jpg (0 bytes)
: add snaps/Brain Dead 13.jpg (0 bytes)
: add snaps/Bratz.jpg (0 bytes)
: add snaps/Brave Fencer Musashi.jpg (0 bytes)
: add snaps/Bravo Air Race.jpg (0 bytes)
: add snaps/Breakout.jpg (0 bytes)
: add snaps/Breath of Fire III.jpg (0 bytes)
: add snaps/Breath of Fire IV.jpg (0 bytes)
: add snaps/Brigandine - The Legend of Forsena.jpg (0 bytes)
: add snaps/Broken Helix.jpg (0 bytes)
: add snaps/Broken Sword - The Shadow of the Templars.jpg (0 bytes)
: add snaps/Broken Sword 2 - The Smoking Mirror.jpg (0 bytes)
: add snaps/Brunswick Circuit Pro Bowling 2.jpg (0 bytes)
: add snaps/Brunswick Circuit Pro Bowling.jpg (0 bytes)
: add snaps/Bubble Bobble Feat. Rainbow Islands.jpg (0 bytes)
: add snaps/Bubsy 3D.jpg (0 bytes)
: add snaps/Bugriders - The race of kings.jpg (0 bytes)
: add snaps/Bugs Bunny & Taz - Time Busters.jpg (0 bytes)
: add snaps/Bugs Bunny Lost in Time.jpg (0 bytes)
: add snaps/Builder's Block.jpg (0 bytes)
: add snaps/Burning Road.jpg (0 bytes)
: add snaps/BursTrick Wake Boarding!!.jpg (0 bytes)
: add snaps/Bushido Blade 2.jpg (0 bytes)
: add snaps/Bushido Blade.jpg (0 bytes)
: add snaps/Bust a Groove 2.jpg (0 bytes)
: add snaps/Bust a Groove.jpg (0 bytes)
: add snaps/Bust-A-Move '99.jpg (0 bytes)
: add snaps/Bust-A-Move 2 - Arcade Edition.jpg (0 bytes)
: add snaps/Bust-a-Move 4.jpg (0 bytes)
: add snaps/Buster Bros Collection.jpg (0 bytes)
: OK
