ziproms
machine1 : CORRUPT (zip: not a valid zip file)
machine2 : CORRUPT (zip: not a valid zip file)
machine3 : CORRUPT (zip: not a valid zip file)

Machine Stats
  All OK          : 0 (0.0%)
  ROMs Corrupt    : 0 (0.0%)
  ROMs Bad Name   : 0 (0.0%)
  ROMs Missing    : 0 (0.0%)
  ROMs Extra      : 0 (0.0%)
  Machine Missing : 0 (0.0%)
  Machine Corrupt : 3 (100.0%)
  Total Machines  : 3
  Extra Files     : 0

ROM Stats
  OK        : 0 (0.0%)
  Corrupt   : 9 (100.0%)
  Bad Name  : 0 (0.0%)
  Missing   : 0 (0.0%)
  Total     : 9
  Extra     : 0
