
'BRAHMA Force - The Assault on Beltlogger 9.jpg' => 'Brahma Force - The Assault on Beltlogger 9 (USA).jpg'
'Backstreet Billiards.jpg' => 'Backstreet Billiards (USA).jpg'
'Backyard Soccer.jpg' => 'Backyard Soccer (USA).jpg'
'Baldies.jpg' => 'Baldies (USA).jpg'
'Baldur's Gate.jpg' => LOST MATCH
'Ball Breakers.jpg' => 'Ball Breakers (USA).jpg'
'Ballblazer Champions.jpg' => 'BallBlazer Champions (USA).jpg'
'Ballerburg Castle Chaos.jpg' => 'Ballerburg - Castle Chaos (USA).jpg'
'Ballistic.jpg' => 'Ballistic (USA).jpg'
'Barbie Explorer.jpg' => 'Barbie - Explorer (USA).jpg'
'Barbie Gotta have games.jpg' => 'Barbie - Gotta Have Games (USA).jpg'
'Barbie Race & Ride.jpg' => 'Barbie - Race & Ride (USA).jpg'
'Barbie Super Sports.jpg' => 'Barbie - Super Sports (USA).jpg'
'Bases Loaded '96 - Double Headed.jpg' => 'Bases Loaded '96 - Double Header (USA).jpg'
'Bass Landing.jpg' => 'Bass Landing (USA).jpg'
'Bass Rise.jpg' => 'Bass Rise (USA).jpg'
'Batman & Robin.jpg' => 'Batman & Robin (USA).jpg'
'Batman Beyond - Return of the Joker.jpg' => 'Batman Beyond - Return of the Joker (USA).jpg'
'Batman Forever - The Arcade Game.jpg' => 'Batman Forever - The Arcade Game (USA).jpg'
'Batman Gotham City Racer.jpg' => 'Batman - Gotham City Racer (USA).jpg'
'Battle Arena Toshinden 2.jpg' => 'Battle Arena Toshinden 2 (USA).jpg'
'Battle Arena Toshinden 3.jpg' => 'Battle Arena Toshinden 3 (USA) (En,Ja).jpg'
'Battle Arena Toshinden.jpg' => 'Battle Arena Toshinden (USA).jpg'
'Battle Hunter.jpg' => 'Battle Hunter (USA).jpg'
'BattleTanx - Global Assault.jpg' => 'BattleTanx - Global Assault (USA).jpg'
'Battlesport.jpg' => 'BattleSport (USA).jpg'
'Battlestations.jpg' => 'Battle Stations (USA).jpg'
'Bear in the Big Blue House.jpg' => 'Bombing Islands, The (USA).jpg'
'Beast Wars - Transformers - Transmetal.jpg' => LOST MATCH
'Beast Wars - Transformers.jpg' => 'Beast Wars - Transformers (USA).jpg'
'Beyblade - Let it Rip!.jpg' => 'Beyblade (USA).jpg'
'Beyond the Beyond.jpg' => 'Beyond the Beyond (USA).jpg'
'Big Air.jpg' => 'Big Air (USA).jpg'
'Big Bass Fishing.jpg' => 'Big Bass Fishing (USA).jpg'
'Big Bass World Championship.jpg' => 'Big Bass World Championship (USA).jpg'
'Big League Sluggers Baseball.jpg' => 'Big League Slugger Baseball (USA).jpg'
'Big Ol' Bass 2.jpg' => 'Big Ol' Bass 2 (USA).jpg'
'Big Strike Bowling.jpg' => 'Big Strike Bowling (USA).jpg'
'Billiards.jpg' => 'Billiards (USA).jpg'
'Bio F.R.E.A.K.S.jpg' => 'Bio F.R.E.A.K.S. (USA).jpg'
'Black Bass with Blue Marlin.jpg' => 'Black Bass with Blue Marlin (USA).jpg'
'Black Dawn.jpg' => 'Black Dawn (USA).jpg'
'Blade.jpg' => 'Blade (USA).jpg'
'Blast Chamber.jpg' => 'Blast Chamber (USA).jpg'
'Blast Lacrosse.jpg' => 'Blast Lacrosse (USA).jpg'
'Blast Radius.jpg' => 'Blast Radius (USA).jpg'
'Blaster Master - Blasting Again.jpg' => 'Blaster Master - Blasting Again (USA).jpg'
'Blasto.jpg' => 'Blasto (USA).jpg'
'Blazing Dragons.jpg' => 'Blazing Dragons (USA).jpg'
'Blockids.jpg' => 'Blockids (USA).jpg'
'Blood Omen - Legacy of Kain.jpg' => 'Blood Omen - Legacy of Kain (USA).jpg'
'Bloody Roar II.jpg' => 'Bloody Roar II (USA).jpg'
'Bloody Roar.jpg' => 'Bloody Roar (USA).jpg'
'Blue's Clues - Blue's Big Musical.jpg' => 'Blue's Clues - Blue's Big Musical (USA).jpg'
'Board Game Top Shop.jpg' => 'Board Game - Top Shop (USA).jpg'
'Bob the Builder - Can we fix it.jpg' => 'Bob the Builder - Can We Fix It (USA).jpg'
'Bogey Dead 6.jpg' => 'Bogey - Dead 6 (USA).jpg'
'Bomberman Fantasy Race.jpg' => 'Bomberman Fantasy Race (USA).jpg'
'Bomberman Party Edition.jpg' => 'Bomberman - Party Edition (USA).jpg'
'Bomberman World.jpg' => 'Bomberman World (USA).jpg'
'Boom Bots.jpg' => 'BoomBots (USA).jpg'
'Bottom of the 9th '97.jpg' => 'Bottom of the 9th '97 (USA).jpg'
'Bottom of the 9th '99.jpg' => 'Bottom of the 9th '99 (USA).jpg'
'Bottom of the 9th.jpg' => 'Bottom of the 9th (USA).jpg'
'Bowling.jpg' => 'Bowling (USA).jpg'
'Boxing.jpg' => 'Boxing (USA).jpg'
'Brain Dead 13.jpg' => 'BrainDead 13 (USA) (Disc 1).jpg'
'Bratz.jpg' => 'Bratz - Dress Up, Get Down and Be a Bratz Superstar! (USA) (En,Fr,Es).jpg'
'Brave Fencer Musashi.jpg' => 'Brave Fencer Musashi (USA).jpg'
'Bravo Air Race.jpg' => 'Bravo Air Race (USA).jpg'
'Breakout.jpg' => 'Breakout (USA).jpg'
'Breath of Fire III.jpg' => 'Breath of Fire III (USA).jpg'
'Breath of Fire IV.jpg' => 'Breath of Fire IV (USA).jpg'
'Brigandine - The Legend of Forsena.jpg' => 'Brigandine - The Legend of Forsena (USA).jpg'
'Broken Helix.jpg' => 'Broken Helix (USA).jpg'
'Broken Sword - The Shadow of the Templars.jpg' => 'Broken Sword - The Shadow of the Templars (USA).jpg'
'Broken Sword 2 - The Smoking Mirror.jpg' => 'Broken Sword II - The Smoking Mirror (USA).jpg'
'Brunswick Circuit Pro Bowling 2.jpg' => 'Brunswick Circuit Pro Bowling 2 (USA).jpg'
'Brunswick Circuit Pro Bowling.jpg' => 'Brunswick Circuit Pro Bowling (USA).jpg'
'Bubble Bobble Feat. Rainbow Islands.jpg' => 'Bubble Bobble also featuring Rainbow Islands (USA).jpg'
'Bubsy 3D.jpg' => 'Bubsy 3D - Furbitten Planet (USA).jpg'
'Bugriders - The race of kings.jpg' => 'Bugriders - The Race of Kings (USA).jpg'
'Bugs Bunny & Taz - Time Busters.jpg' => 'Bugs Bunny & Taz - Time Busters (USA) (En,Fr,Es).jpg'
'Bugs Bunny Lost in Time.jpg' => 'Bugs Bunny - Lost in Time (USA) (En,Fr,Es).jpg'
'Builder's Block.jpg' => 'Builder's Block (USA).jpg'
'Burning Road.jpg' => 'Burning Road (USA).jpg'
'BursTrick Wake Boarding!!.jpg' => 'BursTrick - Wake Boarding!! (USA).jpg'
'Bushido Blade 2.jpg' => 'Bushido Blade 2 (USA).jpg'
'Bushido Blade.jpg' => 'Bushido Blade (USA).jpg'
'Bust a Groove 2.jpg' => 'Bust A Groove 2 (USA).jpg'
'Bust a Groove.jpg' => 'Bust A Groove (USA).jpg'
'Bust-A-Move '99.jpg' => 'Bust-A-Move '99 (USA).jpg'
'Bust-A-Move 2 - Arcade Edition.jpg' => 'Bust-A-Move 2 - Arcade Edition (USA).jpg'
'Bust-a-Move 4.jpg' => 'Bust-A-Move 4 (USA).jpg'
'Buster Bros Collection.jpg' => 'Buster Bros. Collection (USA).jpg'
Matches found: 95/95